// Jest Snapshot v1, https://goo.gl/fbAQLP

exports[`TheSearch component test. should render the default component. 1`] = `"<span><div class=\\"relative h-16 w-full\\"><input class=\\"bg-none p-3 pb-1 w-full border-b-2 border-t-0 border-r-0 border-l-2 border-current text-current rounded focus:border-secondary focus:ring-0\\" type=\\"text\\" name=\\"pesquisar\\" id=\\"pesquisar\\"><label class=\\"absolute rounded top-1 on-focus left-3 text-current bg-none z-10 p-1 duration-450\\" for=\\"pesquisar\\">pesquisar</label></div></span>"`;
