// Jest Snapshot v1, https://goo.gl/fbAQLP

exports[`TheHeaderNavMobile component test should render the default component 1`] = `
"<nav class=\\"flex items-center justify-center\\">
  <div class=\\"cursor-pointer mr-4\\">
    <div class=\\"h-1 w-7 mb-1 rounded bg-current\\" style=\\"transform: translateY(8.881784197001252e-16px) ;\\"></div>
    <div class=\\"h-1 w-7 mb-1 rounded bg-current\\" style=\\"opacity: 0.9999999999999999; transform: translateY(0px) ;\\"></div>
    <div class=\\"h-1 w-7 rounded bg-current\\" style=\\"transform: translateY(-8.881784197001252e-16px) ;\\"></div>
  </div>
  <nav class=\\"fixed top-0 left-0 flex flex-col items-start w-3/4 h-screen gap-6 py-5 pt-24 bg-black\\" style=\\"transform: translateX(-99.99999999999999vw) ; opacity: 1;\\"></nav>
</nav>"
`;

exports[`TheHeaderNavMobile component test should render the default component without refs defined. 1`] = `
"<nav class=\\"flex items-center justify-center\\">
  <div class=\\"cursor-pointer mr-4\\">
    <div class=\\"h-1 w-7 mb-1 rounded bg-current\\" style=\\"transform: translateY(8.881784197001252e-16px) ;\\"></div>
    <div class=\\"h-1 w-7 mb-1 rounded bg-current\\" style=\\"opacity: 0.9999999999999999; transform: translateY(0px) ;\\"></div>
    <div class=\\"h-1 w-7 rounded bg-current\\" style=\\"transform: translateY(-8.881784197001252e-16px) ;\\"></div>
  </div>
  <nav class=\\"fixed top-0 left-0 flex flex-col items-start w-3/4 h-screen gap-6 py-5 pt-24 bg-black\\" style=\\"transform: translateX(-99.99999999999999vw) ; opacity: 1;\\"></nav>
</nav>"
`;
